/*C1*/SET SCHEMA SYSTEM_LOBS
INSERT INTO BLOCKS VALUES(0,2147483647,0)
COMMIT
/*C2*/SET SCHEMA PUBLIC
\u000a    create table follows (\u000a        follower_id bigint not null,\u000a        following_id bigint not null,\u000a        followed_at timestamp(6) not null,\u000a        primary key (follower_id, following_id)\u000a    )
\u000a    create table posts (\u000a        id bigint generated by default as identity (start with 1),\u000a        content varchar(255) not null,\u000a        created_at timestamp(6) not null,\u000a        private_post boolean not null,\u000a        user_id bigint not null,\u000a        primary key (id)\u000a    )
\u000a    create table users (\u000a        id bigint generated by default as identity (start with 1),\u000a        email varchar(255) not null,\u000a        login varchar(255) not null,\u000a        name varchar(255) not null,\u000a        password varchar(255) not null,\u000a        primary key (id)\u000a    )
\u000a    alter table users \u000a       add constraint UK6dotkott2kjsp8vw4d0m25fb7 unique (email)
\u000a    alter table users \u000a       add constraint UKow0gan20590jrb00upg3va2fn unique (login)
\u000a    alter table follows \u000a       add constraint FKqnkw0cwwh6572nyhvdjqlr163 \u000a       foreign key (follower_id) \u000a       references users
\u000a    alter table follows \u000a       add constraint FKonkdkae2ngtx70jqhsh7ol6uq \u000a       foreign key (following_id) \u000a       references users
\u000a    alter table posts \u000a       add constraint FK5lidm6cqbc7u4xhqpxm898qme \u000a       foreign key (user_id) \u000a       references users
DISCONNECT
/*C3*/SET SCHEMA PUBLIC
DISCONNECT
/*C4*/SET SCHEMA PUBLIC
DISCONNECT
/*C5*/SET SCHEMA PUBLIC
DISCONNECT
/*C6*/SET SCHEMA PUBLIC
DISCONNECT
/*C7*/SET SCHEMA PUBLIC
DISCONNECT
/*C8*/SET SCHEMA PUBLIC
DISCONNECT
/*C9*/SET SCHEMA PUBLIC
DISCONNECT
/*C10*/SET SCHEMA PUBLIC
DISCONNECT
/*C11*/SET SCHEMA PUBLIC
DISCONNECT
